
> @tirbeo/api@0.0.1 lint C:\Users\gwbis\Downloads\Tirbeo-All\apps\api
> eslint .

(node:1036) [MODULE_TYPELESS_PACKAGE_JSON] Warning: Module type of file:///C:/Users/gwbis/Downloads/Tirbeo-All/eslint.config.js?mtime=1785558522831 is not specified and it doesn't parse as CommonJS.
Reparsing as ES module because module syntax was detected. This incurs a performance overhead.
To eliminate this warning, add "type": "module" to C:\Users\gwbis\Downloads\Tirbeo-All\package.json.
(Use `node --trace-warnings ...` to show where the warning was created)

C:\Users\gwbis\Downloads\Tirbeo-All\apps\api\app\api\[[...slug]]\route.ts
     5:36   warning  'jsonUnauthorized' is defined but never used               no-unused-vars
     5:36   warning  'jsonUnauthorized' is defined but never used               @typescript-eslint/no-unused-vars
    38:3    warning  'accountRecoveryHandler' is defined but never used         no-unused-vars
    38:3    warning  'accountRecoveryHandler' is defined but never used         @typescript-eslint/no-unused-vars
    39:3    warning  'suspiciousLoginConfirmHandler' is defined but never used  no-unused-vars
    39:3    warning  'suspiciousLoginConfirmHandler' is defined but never used  @typescript-eslint/no-unused-vars
    40:3    warning  'suspiciousLoginDenyHandler' is defined but never used     no-unused-vars
    40:3    warning  'suspiciousLoginDenyHandler' is defined but never used     @typescript-eslint/no-unused-vars
    41:3    warning  'verifyHandler' is defined but never used                  no-unused-vars
    41:3    warning  'verifyHandler' is defined but never used                  @typescript-eslint/no-unused-vars
   267:25   warning  Unexpected any. Specify a different type                   @typescript-eslint/no-explicit-any
   268:25   warning  Unexpected any. Specify a different type                   @typescript-eslint/no-explicit-any
   285:61   warning  Unexpected any. Specify a different type                   @typescript-eslint/no-explicit-any
   597:59   warning  Unexpected any. Specify a different type                   @typescript-eslint/no-explicit-any
   598:31   warning  Unexpected any. Specify a different type                   @typescript-eslint/no-explicit-any
   630:16   warning  Unexpected any. Specify a different type                   @typescript-eslint/no-explicit-any
   640:9    warning  'authMethod' is assigned a value but never used            no-unused-vars
   640:9    warning  'authMethod' is assigned a value but never used            @typescript-eslint/no-unused-vars
   645:15   warning  Unexpected any. Specify a different type                   @typescript-eslint/no-explicit-any
   649:15   warning  Unexpected any. Specify a different type                   @typescript-eslint/no-explicit-any
   650:16   warning  Unexpected any. Specify a different type                   @typescript-eslint/no-explicit-any
   653:15   warning  Unexpected any. Specify a different type                   @typescript-eslint/no-explicit-any
   773:68   warning  Unexpected any. Specify a different type                   @typescript-eslint/no-explicit-any
   830:62   warning  Unexpected any. Specify a different type                   @typescript-eslint/no-explicit-any
   887:61   warning  Unexpected any. Specify a different type                   @typescript-eslint/no-explicit-any
   893:70   warning  Unexpected any. Specify a different type                   @typescript-eslint/no-explicit-any
   939:87   warning  Unexpected any. Specify a different type                   @typescript-eslint/no-explicit-any
   940:91   warning  Unexpected any. Specify a different type                   @typescript-eslint/no-explicit-any
   951:72   warning  Unexpected any. Specify a different type                   @typescript-eslint/no-explicit-any
  1014:68   warning  Unexpected any. Specify a different type                   @typescript-eslint/no-explicit-any
  1017:65   warning  Unexpected any. Specify a different type                   @typescript-eslint/no-explicit-any
  1027:81   warning  Unexpected any. Specify a different type                   @typescript-eslint/no-explicit-any
  1028:88   warning  Unexpected any. Specify a different type                   @typescript-eslint/no-explicit-any
  1029:89   warning  Unexpected any. Specify a different type                   @typescript-eslint/no-explicit-any
  1033:60   warning  Unexpected any. Specify a different type                   @typescript-eslint/no-explicit-any
  1042:81   warning  Unexpected any. Specify a different type                   @typescript-eslint/no-explicit-any
  1043:88   warning  Unexpected any. Specify a different type                   @typescript-eslint/no-explicit-any
  1047:60   warning  Unexpected any. Specify a different type                   @typescript-eslint/no-explicit-any
  1099:83   warning  Unexpected any. Specify a different type                   @typescript-eslint/no-explicit-any
  1100:90   warning  Unexpected any. Specify a different type                   @typescript-eslint/no-explicit-any
  1104:62   warning  Unexpected any. Specify a different type                   @typescript-eslint/no-explicit-any
  1107:61   warning  Unexpected any. Specify a different type                   @typescript-eslint/no-explicit-any
  1110:60   warning  Unexpected any. Specify a different type                   @typescript-eslint/no-explicit-any
  1113:61   warning  Unexpected any. Specify a different type                   @typescript-eslint/no-explicit-any
  1124:7    warning  Duplicate case label                                       no-duplicate-case
  1146:34   warning  Unexpected any. Specify a different type                   @typescript-eslint/no-explicit-any
  1158:71   warning  Unexpected any. Specify a different type                   @typescript-eslint/no-explicit-any
  1159:101  warning  Unexpected any. Specify a different type                   @typescript-eslint/no-explicit-any
  1160:82   warning  Unexpected any. Specify a different type                   @typescript-eslint/no-explicit-any
  1164:53   warning  Unexpected any. Specify a different type                   @typescript-eslint/no-explicit-any
  1167:53   warning  Unexpected any. Specify a different type                   @typescript-eslint/no-explicit-any
  1170:55   warning  Unexpected any. Specify a different type                   @typescript-eslint/no-explicit-any
  1173:58   warning  Unexpected any. Specify a different type                   @typescript-eslint/no-explicit-any
  1176:79   warning  Unexpected any. Specify a different type                   @typescript-eslint/no-explicit-any
  1177:89   warning  Unexpected any. Specify a different type                   @typescript-eslint/no-explicit-any
  1181:57   warning  Unexpected any. Specify a different type                   @typescript-eslint/no-explicit-any
  1184:81   warning  Unexpected any. Specify a different type                   @typescript-eslint/no-explicit-any
  1185:85   warning  Unexpected any. Specify a different type                   @typescript-eslint/no-explicit-any
  1189:60   warning  Unexpected any. Specify a different type                   @typescript-eslint/no-explicit-any
  1189:88   warning  Unexpected any. Specify a different type                   @typescript-eslint/no-explicit-any
  1192:54   warning  Unexpected any. Specify a different type                   @typescript-eslint/no-explicit-any
  1195:56   warning  Unexpected any. Specify a different type                   @typescript-eslint/no-explicit-any
  1195:84   warning  Unexpected any. Specify a different type                   @typescript-eslint/no-explicit-any
  1198:76   warning  Unexpected any. Specify a different type                   @typescript-eslint/no-explicit-any
  1198:104  warning  Unexpected any. Specify a different type                   @typescript-eslint/no-explicit-any
  1199:106  warning  Unexpected any. Specify a different type                   @typescript-eslint/no-explicit-any
  1199:134  warning  Unexpected any. Specify a different type                   @typescript-eslint/no-explicit-any
  1200:87   warning  Unexpected any. Specify a different type                   @typescript-eslint/no-explicit-any
  1200:115  warning  Unexpected any. Specify a different type                   @typescript-eslint/no-explicit-any
  1207:55   warning  Unexpected any. Specify a different type                   @typescript-eslint/no-explicit-any
  1210:56   warning  Unexpected any. Specify a different type                   @typescript-eslint/no-explicit-any
  1215:19   warning  Unexpected any. Specify a different type                   @typescript-eslint/no-explicit-any
  1259:16   warning  'e' is defined but never used                              no-unused-vars
  1259:16   warning  'e' is defined but never used                              @typescript-eslint/no-unused-vars
  1259:19   warning  Unexpected any. Specify a different type                   @typescript-eslint/no-explicit-any
  1285:15   warning  Unexpected any. Specify a different type                   @typescript-eslint/no-explicit-any

C:\Users\gwbis\Downloads\Tirbeo-All\apps\api\app\api\admin\branding\route.ts
   79:31  warning  Unexpected any. Specify a different type  @typescript-eslint/no-explicit-any
   83:31  warning  Unexpected any. Specify a different type  @typescript-eslint/no-explicit-any
  167:69  warning  Unexpected any. Specify a different type  @typescript-eslint/no-explicit-any
  168:55  warning  Unexpected any. Specify a different type  @typescript-eslint/no-explicit-any

C:\Users\gwbis\Downloads\Tirbeo-All\apps\api\app\api\admin\check-setup\route.ts
  35:12  warning  'err' is defined but never used           no-unused-vars
  35:12  warning  'err' is defined but never used           @typescript-eslint/no-unused-vars
  35:17  warning  Unexpected any. Specify a different type  @typescript-eslint/no-explicit-any

C:\Users\gwbis\Downloads\Tirbeo-All\apps\api\app\api\admin\forms\[id]\route.ts
  1:23  warning  'NextResponse' is defined but never used  no-unused-vars
  1:23  warning  'NextResponse' is defined but never used  @typescript-eslint/no-unused-vars

C:\Users\gwbis\Downloads\Tirbeo-All\apps\api\app\api\admin\forms\route.ts
  1:23  warning  'NextResponse' is defined but never used  no-unused-vars
  1:23  warning  'NextResponse' is defined but never used  @typescript-eslint/no-unused-vars

C:\Users\gwbis\Downloads\Tirbeo-All\apps\api\app\api\admin\heartbeat\route.ts
  5:49  warning  Unexpected any. Specify a different type  @typescript-eslint/no-explicit-any

C:\Users\gwbis\Downloads\Tirbeo-All\apps\api\app\api\admin\integrations\route.ts
  70:30  warning  Unexpected any. Specify a different type  @typescript-eslint/no-explicit-any
  79:30  warning  Unexpected any. Specify a different type  @typescript-eslint/no-explicit-any

C:\Users\gwbis\Downloads\Tirbeo-All\apps\api\app\api\admin\layout-config\route.ts
   8:49  warning  Unexpected any. Specify a different type  @typescript-eslint/no-explicit-any
  21:49  warning  Unexpected any. Specify a different type  @typescript-eslint/no-explicit-any
  35:32  warning  Unexpected any. Specify a different type  @typescript-eslint/no-explicit-any
  36:65  warning  Unexpected any. Specify a different type  @typescript-eslint/no-explicit-any

C:\Users\gwbis\Downloads\Tirbeo-All\apps\api\app\api\admin\login\route.ts
  19:13  warning  'email' is assigned a value but never used         no-unused-vars
  19:13  warning  'email' is assigned a value but never used         @typescript-eslint/no-unused-vars
  19:20  warning  'password' is assigned a value but never used      no-unused-vars
  19:20  warning  'password' is assigned a value but never used      @typescript-eslint/no-unused-vars
  19:30  warning  'captchaRayId' is assigned a value but never used  no-unused-vars
  19:30  warning  'captchaRayId' is assigned a value but never used  @typescript-eslint/no-unused-vars
  19:44  warning  'fingerprint' is assigned a value but never used   no-unused-vars
  19:44  warning  'fingerprint' is assigned a value but never used   @typescript-eslint/no-unused-vars
  21:17  warning  Unexpected any. Specify a different type           @typescript-eslint/no-explicit-any
  87:17  warning  Unexpected any. Specify a different type           @typescript-eslint/no-explicit-any

C:\Users\gwbis\Downloads\Tirbeo-All\apps\api\app\api\admin\me\route.ts
  8:58  warning  Unexpected any. Specify a different type  @typescript-eslint/no-explicit-any

C:\Users\gwbis\Downloads\Tirbeo-All\apps\api\app\api\admin\preferences\route.ts
   8:49  warning  Unexpected any. Specify a different type  @typescript-eslint/no-explicit-any
  21:49  warning  Unexpected any. Specify a different type  @typescript-eslint/no-explicit-any
  33:32  warning  Unexpected any. Specify a different type  @typescript-eslint/no-explicit-any
  34:70  warning  Unexpected any. Specify a different type  @typescript-eslint/no-explicit-any

C:\Users\gwbis\Downloads\Tirbeo-All\apps\api\app\api\admin\reserved-addresses\route.ts
  1:23  warning  'NextResponse' is defined but never used  no-unused-vars
  1:23  warning  'NextResponse' is defined but never used  @typescript-eslint/no-unused-vars

C:\Users\gwbis\Downloads\Tirbeo-All\apps\api\app\api\admin\roles\[id]\members\route.ts
  30:51  warning  Unexpected any. Specify a different type  @typescript-eslint/no-explicit-any
  38:17  warning  Unexpected any. Specify a different type  @typescript-eslint/no-explicit-any
  62:17  warning  Unexpected any. Specify a different type  @typescript-eslint/no-explicit-any

C:\Users\gwbis\Downloads\Tirbeo-All\apps\api\app\api\admin\roles\[id]\route.ts
  29:17  warning  Unexpected any. Specify a different type  @typescript-eslint/no-explicit-any
  57:17  warning  Unexpected any. Specify a different type  @typescript-eslint/no-explicit-any
  90:17  warning  Unexpected any. Specify a different type  @typescript-eslint/no-explicit-any

C:\Users\gwbis\Downloads\Tirbeo-All\apps\api\app\api\admin\security\blocks\route.ts
  3:35  warning  'getSecurityStats' is defined but never used  no-unused-vars
  3:35  warning  'getSecurityStats' is defined but never used  @typescript-eslint/no-unused-vars

C:\Users\gwbis\Downloads\Tirbeo-All\apps\api\app\api\admin\support\tickets\[id]\reply\route.ts
  30:29  warning  Unexpected any. Specify a different type  @typescript-eslint/no-explicit-any
  45:17  warning  Unexpected any. Specify a different type  @typescript-eslint/no-explicit-any

C:\Users\gwbis\Downloads\Tirbeo-All\apps\api\app\api\admin\support\tickets\[id]\route.ts
  30:17  warning  Unexpected any. Specify a different type  @typescript-eslint/no-explicit-any
  60:17  warning  Unexpected any. Specify a different type  @typescript-eslint/no-explicit-any

C:\Users\gwbis\Downloads\Tirbeo-All\apps\api\app\api\admin\support\tickets\route.ts
  17:18  warning  Unexpected any. Specify a different type  @typescript-eslint/no-explicit-any
  42:17  warning  Unexpected any. Specify a different type  @typescript-eslint/no-explicit-any

C:\Users\gwbis\Downloads\Tirbeo-All\apps\api\app\api\admin\tickets\route.ts
   4:10  warning  'createAuditEvent' is defined but never used   no-unused-vars
   4:10  warning  'createAuditEvent' is defined but never used   @typescript-eslint/no-unused-vars
   5:10  warning  'sendTemplateEmail' is defined but never used  no-unused-vars
   5:10  warning  'sendTemplateEmail' is defined but never used  @typescript-eslint/no-unused-vars
  20:16  warning  Unexpected any. Specify a different type       @typescript-eslint/no-explicit-any

C:\Users\gwbis\Downloads\Tirbeo-All\apps\api\app\api\admin\verify-2fa\route.ts
  55:17  warning  Unexpected any. Specify a different type  @typescript-eslint/no-explicit-any

C:\Users\gwbis\Downloads\Tirbeo-All\apps\api\app\api\captcha\admin\analytics\route.ts
  22:17  warning  Unexpected any. Specify a different type  @typescript-eslint/no-explicit-any
  43:17  warning  Unexpected any. Specify a different type  @typescript-eslint/no-explicit-any

C:\Users\gwbis\Downloads\Tirbeo-All\apps\api\app\api\captcha\admin\blocks\route.ts
  28:17  warning  Unexpected any. Specify a different type  @typescript-eslint/no-explicit-any
  70:17  warning  Unexpected any. Specify a different type  @typescript-eslint/no-explicit-any

C:\Users\gwbis\Downloads\Tirbeo-All\apps\api\app\api\captcha\admin\logs\route.ts
  17:18  warning  Unexpected any. Specify a different type  @typescript-eslint/no-explicit-any
  39:17  warning  Unexpected any. Specify a different type  @typescript-eslint/no-explicit-any

C:\Users\gwbis\Downloads\Tirbeo-All\apps\api\app\api\captcha\admin\route.ts
  15:17  warning  Unexpected any. Specify a different type  @typescript-eslint/no-explicit-any
  31:29  warning  Unexpected any. Specify a different type  @typescript-eslint/no-explicit-any
  40:17  warning  Unexpected any. Specify a different type  @typescript-eslint/no-explicit-any

C:\Users\gwbis\Downloads\Tirbeo-All\apps\api\app\api\captcha\challenge\route.ts
   86:20  warning  A `require()` style import is forbidden   @typescript-eslint/no-require-imports
   87:20  warning  A `require()` style import is forbidden   @typescript-eslint/no-require-imports
   88:20  warning  A `require()` style import is forbidden   @typescript-eslint/no-require-imports
  110:17  warning  Unexpected any. Specify a different type  @typescript-eslint/no-explicit-any

C:\Users\gwbis\Downloads\Tirbeo-All\apps\api\app\api\captcha\status\route.ts
  39:17  warning  Unexpected any. Specify a different type  @typescript-eslint/no-explicit-any

C:\Users\gwbis\Downloads\Tirbeo-All\apps\api\app\api\captcha\verify\route.ts
  57:17  warning  Unexpected any. Specify a different type  @typescript-eslint/no-explicit-any

C:\Users\gwbis\Downloads\Tirbeo-All\apps\api\app\api\public\landing\route.ts
  1:10  warning  'NextResponse' is defined but never used  no-unused-vars
  1:10  warning  'NextResponse' is defined but never used  @typescript-eslint/no-unused-vars
  5:27  warning  'request' is defined but never used       no-unused-vars
  5:27  warning  'request' is defined but never used       @typescript-eslint/no-unused-vars

C:\Users\gwbis\Downloads\Tirbeo-All\apps\api\app\api\support\tickets\[id]\reply\route.ts
  47:17  warning  Unexpected any. Specify a different type  @typescript-eslint/no-explicit-any

C:\Users\gwbis\Downloads\Tirbeo-All\apps\api\app\api\support\tickets\[id]\route.ts
  36:17  warning  Unexpected any. Specify a different type  @typescript-eslint/no-explicit-any
  63:17  warning  Unexpected any. Specify a different type  @typescript-eslint/no-explicit-any

C:\Users\gwbis\Downloads\Tirbeo-All\apps\api\app\api\support\tickets\route.ts
  29:17  warning  Unexpected any. Specify a different type  @typescript-eslint/no-explicit-any
  47:18  warning  Unexpected any. Specify a different type  @typescript-eslint/no-explicit-any
  62:17  warning  Unexpected any. Specify a different type  @typescript-eslint/no-explicit-any

C:\Users\gwbis\Downloads\Tirbeo-All\apps\api\lib\adminHandlers.ts
    4:52  warning  'getAdminRole' is defined but never used      no-unused-vars
    4:52  warning  'getAdminRole' is defined but never used      @typescript-eslint/no-unused-vars
    5:22  warning  'jsonUnauthorized' is defined but never used  no-unused-vars
    5:22  warning  'jsonUnauthorized' is defined but never used  @typescript-eslint/no-unused-vars
   17:16  warning  Unexpected any. Specify a different type      @typescript-eslint/no-explicit-any
  119:15  warning  Unexpected any. Specify a different type      @typescript-eslint/no-explicit-any
  547:20  warning  Unexpected any. Specify a different type      @typescript-eslint/no-explicit-any
  607:17  warning  Unexpected any. Specify a different type      @typescript-eslint/no-explicit-any
  641:17  warning  Unexpected any. Specify a different type      @typescript-eslint/no-explicit-any
  659:16  warning  Unexpected any. Specify a different type      @typescript-eslint/no-explicit-any
  708:16  warning  Unexpected any. Specify a different type      @typescript-eslint/no-explicit-any

C:\Users\gwbis\Downloads\Tirbeo-All\apps\api\lib\adminMediaHandlers.ts
   72:23  warning  Unexpected any. Specify a different type   @typescript-eslint/no-explicit-any
   78:42  warning  Unexpected any. Specify a different type   @typescript-eslint/no-explicit-any
  102:9   warning  'tags' is assigned a value but never used  no-unused-vars
  102:9   warning  'tags' is assigned a value but never used  @typescript-eslint/no-unused-vars
  224:19  warning  Unexpected any. Specify a different type   @typescript-eslint/no-explicit-any

C:\Users\gwbis\Downloads\Tirbeo-All\apps\api\lib\audit.ts
  55:23  warning  Unexpected any. Specify a different type  @typescript-eslint/no-explicit-any
  61:47  warning  Unexpected any. Specify a different type  @typescript-eslint/no-explicit-any

C:\Users\gwbis\Downloads\Tirbeo-All\apps\api\lib\authHandlers.ts
     9:48   warning  'signMagicLinkToken' is defined but never used        no-unused-vars
     9:48   warning  'signMagicLinkToken' is defined but never used        @typescript-eslint/no-unused-vars
     9:68   warning  'verifyMagicLinkToken' is defined but never used      no-unused-vars
     9:68   warning  'verifyMagicLinkToken' is defined but never used      @typescript-eslint/no-unused-vars
     9:153  warning  'verifyRecoveryToken' is defined but never used       no-unused-vars
     9:153  warning  'verifyRecoveryToken' is defined but never used       @typescript-eslint/no-unused-vars
     9:174  warning  'signSuspiciousLoginToken' is defined but never used  no-unused-vars
     9:174  warning  'signSuspiciousLoginToken' is defined but never used  @typescript-eslint/no-unused-vars
   181:17   warning  Unexpected any. Specify a different type              @typescript-eslint/no-explicit-any
   303:17   warning  Unexpected any. Specify a different type              @typescript-eslint/no-explicit-any
   506:17   warning  Unexpected any. Specify a different type              @typescript-eslint/no-explicit-any
   538:7    warning  'emailSent' is assigned a value but never used        no-unused-vars
   538:7    warning  'emailSent' is assigned a value but never used        @typescript-eslint/no-unused-vars
   543:17   warning  Unexpected any. Specify a different type              @typescript-eslint/no-explicit-any
   575:7    warning  'emailSent' is assigned a value but never used        no-unused-vars
   575:7    warning  'emailSent' is assigned a value but never used        @typescript-eslint/no-unused-vars
   580:17   warning  Unexpected any. Specify a different type              @typescript-eslint/no-explicit-any
   652:17   warning  Unexpected any. Specify a different type              @typescript-eslint/no-explicit-any
   674:17   warning  Unexpected any. Specify a different type              @typescript-eslint/no-explicit-any
   718:17   warning  Unexpected any. Specify a different type              @typescript-eslint/no-explicit-any
   735:17   warning  Unexpected any. Specify a different type              @typescript-eslint/no-explicit-any
   751:17   warning  Unexpected any. Specify a different type              @typescript-eslint/no-explicit-any
   783:17   warning  Unexpected any. Specify a different type              @typescript-eslint/no-explicit-any
   884:17   warning  Unexpected any. Specify a different type              @typescript-eslint/no-explicit-any
   913:17   warning  Unexpected any. Specify a different type              @typescript-eslint/no-explicit-any
   975:41   warning  Unexpected any. Specify a different type              @typescript-eslint/no-explicit-any
  1021:17   warning  Unexpected any. Specify a different type              @typescript-eslint/no-explicit-any
  1051:17   warning  Unexpected any. Specify a different type              @typescript-eslint/no-explicit-any
  1151:17   warning  Unexpected any. Specify a different type              @typescript-eslint/no-explicit-any
  1172:17   warning  Unexpected any. Specify a different type              @typescript-eslint/no-explicit-any
  1203:17   warning  Unexpected any. Specify a different type              @typescript-eslint/no-explicit-any
  1237:17   warning  Unexpected any. Specify a different type              @typescript-eslint/no-explicit-any
  1300:53   warning  Unexpected any. Specify a different type              @typescript-eslint/no-explicit-any
  1333:19   warning  Unexpected any. Specify a different type              @typescript-eslint/no-explicit-any
  1339:55   warning  'data.companyName' is assigned to itself              no-self-assign
  1360:54   warning  Unexpected any. Specify a different type              @typescript-eslint/no-explicit-any
  1369:17   warning  Unexpected any. Specify a different type              @typescript-eslint/no-explicit-any
  1387:11   warning  'result' is assigned a value but never used           no-unused-vars
  1387:11   warning  'result' is assigned a value but never used           @typescript-eslint/no-unused-vars
  1391:17   warning  Unexpected any. Specify a different type              @typescript-eslint/no-explicit-any
  1409:11   warning  'result' is assigned a value but never used           no-unused-vars
  1409:11   warning  'result' is assigned a value but never used           @typescript-eslint/no-unused-vars
  1412:17   warning  Unexpected any. Specify a different type              @typescript-eslint/no-explicit-any
  1426:11   warning  'result' is assigned a value but never used           no-unused-vars
  1426:11   warning  'result' is assigned a value but never used           @typescript-eslint/no-unused-vars
  1430:17   warning  Unexpected any. Specify a different type              @typescript-eslint/no-explicit-any
  1456:17   warning  Unexpected any. Specify a different type              @typescript-eslint/no-explicit-any
  1484:17   warning  Unexpected any. Specify a different type              @typescript-eslint/no-explicit-any
  1530:17   warning  Unexpected any. Specify a different type              @typescript-eslint/no-explicit-any
  1535:17   warning  Unexpected any. Specify a different type              @typescript-eslint/no-explicit-any
  1579:17   warning  Unexpected any. Specify a different type              @typescript-eslint/no-explicit-any
  1603:17   warning  Unexpected any. Specify a different type              @typescript-eslint/no-explicit-any
  1622:17   warning  Unexpected any. Specify a different type              @typescript-eslint/no-explicit-any
  1653:17   warning  Unexpected any. Specify a different type              @typescript-eslint/no-explicit-any
  1721:37   warning  'request' is defined but never used                   no-unused-vars
  1721:37   warning  'request' is defined but never used                   @typescript-eslint/no-unused-vars
  1728:41   warning  'request' is defined but never used                   no-unused-vars
  1728:41   warning  'request' is defined but never used                   @typescript-eslint/no-unused-vars
  1845:17   warning  Unexpected any. Specify a different type              @typescript-eslint/no-explicit-any
  1890:17   warning  Unexpected any. Specify a different type              @typescript-eslint/no-explicit-any
  1923:17   warning  Unexpected any. Specify a different type              @typescript-eslint/no-explicit-any
  1958:17   warning  Unexpected any. Specify a different type              @typescript-eslint/no-explicit-any
  1993:17   warning  Unexpected any. Specify a different type              @typescript-eslint/no-explicit-any
  2046:48   warning  Unexpected any. Specify a different type              @typescript-eslint/no-explicit-any
  2077:17   warning  Unexpected any. Specify a different type              @typescript-eslint/no-explicit-any

C:\Users\gwbis\Downloads\Tirbeo-All\apps\api\lib\auth\api-key.ts
  59:18  warning  Unexpected any. Specify a different type  @typescript-eslint/no-explicit-any
  67:15  warning  Unexpected any. Specify a different type  @typescript-eslint/no-explicit-any

C:\Users\gwbis\Downloads\Tirbeo-All\apps\api\lib\auth\jwt.ts
  20:33  warning  Unexpected any. Specify a different type  @typescript-eslint/no-explicit-any

C:\Users\gwbis\Downloads\Tirbeo-All\apps\api\lib\auth\rate-limit.ts
  29:12  warning  Unexpected any. Specify a different type  @typescript-eslint/no-explicit-any
  66:35  warning  Unexpected any. Specify a different type  @typescript-eslint/no-explicit-any
  67:18  warning  Unexpected any. Specify a different type  @typescript-eslint/no-explicit-any

C:\Users\gwbis\Downloads\Tirbeo-All\apps\api\lib\auth\session.ts
   91:21  warning  Unexpected any. Specify a different type  @typescript-eslint/no-explicit-any
  109:15  warning  Unexpected any. Specify a different type  @typescript-eslint/no-explicit-any

C:\Users\gwbis\Downloads\Tirbeo-All\apps\api\lib\auth\suspicious-activity.ts
  8:35  warning  Unexpected any. Specify a different type  @typescript-eslint/no-explicit-any
  9:16  warning  Unexpected any. Specify a different type  @typescript-eslint/no-explicit-any

C:\Users\gwbis\Downloads\Tirbeo-All\apps\api\lib\auth\turnstile.ts
  21:17  warning  Unexpected any. Specify a different type  @typescript-eslint/no-explicit-any

C:\Users\gwbis\Downloads\Tirbeo-All\apps\api\lib\captcha\service.ts
    9:3    warning  'riskLevelFromScore' is defined but never used  no-unused-vars
    9:3    warning  'riskLevelFromScore' is defined but never used  @typescript-eslint/no-unused-vars
   23:13   warning  Unexpected any. Specify a different type        @typescript-eslint/no-explicit-any
   69:22   warning  Unexpected any. Specify a different type        @typescript-eslint/no-explicit-any
   70:17   warning  A `require()` style import is forbidden         @typescript-eslint/no-require-imports
   79:32   warning  Unexpected any. Specify a different type        @typescript-eslint/no-explicit-any
   80:20   warning  Unexpected any. Specify a different type        @typescript-eslint/no-explicit-any
  227:74   warning  'seed' is defined but never used                no-unused-vars
  227:74   warning  'seed' is defined but never used                @typescript-eslint/no-unused-vars
  230:30   warning  Unexpected any. Specify a different type        @typescript-eslint/no-explicit-any
  305:66   warning  Unexpected any. Specify a different type        @typescript-eslint/no-explicit-any
  317:33   warning  Unexpected any. Specify a different type        @typescript-eslint/no-explicit-any
  318:48   warning  Unexpected any. Specify a different type        @typescript-eslint/no-explicit-any
  324:59   warning  'ipAddress' is defined but never used           no-unused-vars
  324:59   warning  'ipAddress' is defined but never used           @typescript-eslint/no-unused-vars
  367:24   warning  Unexpected any. Specify a different type        @typescript-eslint/no-explicit-any
  384:54   warning  'settings' is defined but never used            no-unused-vars
  384:54   warning  'settings' is defined but never used            @typescript-eslint/no-unused-vars
  427:16   warning  Unexpected any. Specify a different type        @typescript-eslint/no-explicit-any
  595:152  warning  Unexpected any. Specify a different type        @typescript-eslint/no-explicit-any
  623:196  warning  Unexpected any. Specify a different type        @typescript-eslint/no-explicit-any
  669:30   warning  Unexpected any. Specify a different type        @typescript-eslint/no-explicit-any
  670:17   warning  Unexpected any. Specify a different type        @typescript-eslint/no-explicit-any
  713:16   warning  Unexpected any. Specify a different type        @typescript-eslint/no-explicit-any

C:\Users\gwbis\Downloads\Tirbeo-All\apps\api\lib\cloudflare.ts
   56:17  warning  Unexpected any. Specify a different type  @typescript-eslint/no-explicit-any
   77:44  warning  Unexpected any. Specify a different type  @typescript-eslint/no-explicit-any
   78:28  warning  Unexpected any. Specify a different type  @typescript-eslint/no-explicit-any
   89:17  warning  Unexpected any. Specify a different type  @typescript-eslint/no-explicit-any
  111:44  warning  Unexpected any. Specify a different type  @typescript-eslint/no-explicit-any
  112:28  warning  Unexpected any. Specify a different type  @typescript-eslint/no-explicit-any
  129:17  warning  Unexpected any. Specify a different type  @typescript-eslint/no-explicit-any
  149:12  warning  'err' is defined but never used           no-unused-vars
  149:12  warning  'err' is defined but never used           @typescript-eslint/no-unused-vars
  149:17  warning  Unexpected any. Specify a different type  @typescript-eslint/no-explicit-any

C:\Users\gwbis\Downloads\Tirbeo-All\apps\api\lib\connectedAccountsHandler.ts
  44:13  warning  Unexpected any. Specify a different type       @typescript-eslint/no-explicit-any
  52:9   warning  'existing' is assigned a value but never used  no-unused-vars
  52:9   warning  'existing' is assigned a value but never used  @typescript-eslint/no-unused-vars

C:\Users\gwbis\Downloads\Tirbeo-All\apps\api\lib\contentHandlers.ts
    8:24  warning  Unexpected any. Specify a different type  @typescript-eslint/no-explicit-any
   20:16  warning  Unexpected any. Specify a different type  @typescript-eslint/no-explicit-any
  161:40  warning  'req' is defined but never used           no-unused-vars
  161:40  warning  'req' is defined but never used           @typescript-eslint/no-unused-vars

C:\Users\gwbis\Downloads\Tirbeo-All\apps\api\lib\developerHandlers.ts
  48:17  warning  Unexpected any. Specify a different type  @typescript-eslint/no-explicit-any
  64:17  warning  Unexpected any. Specify a different type  @typescript-eslint/no-explicit-any

C:\Users\gwbis\Downloads\Tirbeo-All\apps\api\lib\email.ts
   31:15  warning  Unexpected any. Specify a different type  @typescript-eslint/no-explicit-any
   61:15  warning  Unexpected any. Specify a different type  @typescript-eslint/no-explicit-any
  113:15  warning  Unexpected any. Specify a different type  @typescript-eslint/no-explicit-any
  116:15  warning  Unexpected any. Specify a different type  @typescript-eslint/no-explicit-any
  166:32  warning  Unexpected any. Specify a different type  @typescript-eslint/no-explicit-any

C:\Users\gwbis\Downloads\Tirbeo-All\apps\api\lib\emailAdminHandlers.ts
   16:61  warning  Unexpected any. Specify a different type  @typescript-eslint/no-explicit-any
   63:17  warning  Unexpected any. Specify a different type  @typescript-eslint/no-explicit-any
   98:81  warning  Unexpected any. Specify a different type  @typescript-eslint/no-explicit-any
  103:17  warning  Unexpected any. Specify a different type  @typescript-eslint/no-explicit-any
  137:97  warning  Unexpected any. Specify a different type  @typescript-eslint/no-explicit-any
  147:17  warning  Unexpected any. Specify a different type  @typescript-eslint/no-explicit-any
  178:17  warning  Unexpected any. Specify a different type  @typescript-eslint/no-explicit-any
  199:35  warning  Unexpected any. Specify a different type  @typescript-eslint/no-explicit-any
  229:17  warning  Unexpected any. Specify a different type  @typescript-eslint/no-explicit-any
  269:17  warning  Unexpected any. Specify a different type  @typescript-eslint/no-explicit-any
  285:17  warning  Unexpected any. Specify a different type  @typescript-eslint/no-explicit-any

C:\Users\gwbis\Downloads\Tirbeo-All\apps\api\lib\formHandlers.ts
   83:16   warning  Unexpected any. Specify a different type     @typescript-eslint/no-explicit-any
  350:9    warning  'userId' is assigned a value but never used  no-unused-vars
  350:9    warning  'userId' is assigned a value but never used  @typescript-eslint/no-unused-vars
  389:42   warning  Unexpected any. Specify a different type     @typescript-eslint/no-explicit-any
  424:15   warning  Unexpected any. Specify a different type     @typescript-eslint/no-explicit-any
  434:17   warning  Unexpected any. Specify a different type     @typescript-eslint/no-explicit-any
  570:139  warning  Unexpected any. Specify a different type     @typescript-eslint/no-explicit-any
  572:55   warning  Unexpected any. Specify a different type     @typescript-eslint/no-explicit-any
  713:32   warning  Unexpected any. Specify a different type     @typescript-eslint/no-explicit-any
  767:16   warning  Unexpected any. Specify a different type     @typescript-eslint/no-explicit-any

C:\Users\gwbis\Downloads\Tirbeo-All\apps\api\lib\health.ts
   6:24  warning  Unexpected any. Specify a different type  @typescript-eslint/no-explicit-any
  52:32  warning  Unexpected any. Specify a different type  @typescript-eslint/no-explicit-any
  59:15  warning  Unexpected any. Specify a different type  @typescript-eslint/no-explicit-any
  74:17  warning  Unexpected any. Specify a different type  @typescript-eslint/no-explicit-any
  90:15  warning  Unexpected any. Specify a different type  @typescript-eslint/no-explicit-any

C:\Users\gwbis\Downloads\Tirbeo-All\apps\api\lib\imageSecurity.ts
  2:8  warning  'path' is defined but never used  no-unused-vars
  2:8  warning  'path' is defined but never used  @typescript-eslint/no-unused-vars

C:\Users\gwbis\Downloads\Tirbeo-All\apps\api\lib\jobs.ts
   7:46   warning  Unexpected any. Specify a different type  @typescript-eslint/no-explicit-any
  28:133  warning  Unexpected any. Specify a different type  @typescript-eslint/no-explicit-any
  54:65   warning  'job' is defined but never used           no-unused-vars
  54:70   warning  Unexpected any. Specify a different type  @typescript-eslint/no-explicit-any
  60:17   warning  Unexpected any. Specify a different type  @typescript-eslint/no-explicit-any

C:\Users\gwbis\Downloads\Tirbeo-All\apps\api\lib\mailboxHandlers.ts
   35:17  warning  Unexpected any. Specify a different type  @typescript-eslint/no-explicit-any
  100:17  warning  Unexpected any. Specify a different type  @typescript-eslint/no-explicit-any
  115:32  warning  Unexpected any. Specify a different type  @typescript-eslint/no-explicit-any
  149:17  warning  Unexpected any. Specify a different type  @typescript-eslint/no-explicit-any
  170:17  warning  Unexpected any. Specify a different type  @typescript-eslint/no-explicit-any
  193:17  warning  Unexpected any. Specify a different type  @typescript-eslint/no-explicit-any
  225:17  warning  Unexpected any. Specify a different type  @typescript-eslint/no-explicit-any

C:\Users\gwbis\Downloads\Tirbeo-All\apps\api\lib\moderation.ts
  17:23  warning  Unexpected any. Specify a different type  @typescript-eslint/no-explicit-any
  25:50  warning  Unexpected any. Specify a different type  @typescript-eslint/no-explicit-any
  48:51  warning  Unexpected any. Specify a different type  @typescript-eslint/no-explicit-any

C:\Users\gwbis\Downloads\Tirbeo-All\apps\api\lib\networkHandlers.ts
   55:16  warning  Unexpected any. Specify a different type  @typescript-eslint/no-explicit-any
   56:20  warning  Unexpected any. Specify a different type  @typescript-eslint/no-explicit-any
  113:16  warning  Unexpected any. Specify a different type  @typescript-eslint/no-explicit-any
  239:11  warning  Empty block statement                     no-empty
  262:84  warning  Unexpected any. Specify a different type  @typescript-eslint/no-explicit-any

C:\Users\gwbis\Downloads\Tirbeo-All\apps\api\lib\notifications.ts
   5:21  warning  '_userId' is defined but never used       no-unused-vars
   5:21  warning  '_userId' is defined but never used       @typescript-eslint/no-unused-vars
   5:38  warning  '_data' is defined but never used         no-unused-vars
   5:38  warning  '_data' is defined but never used         @typescript-eslint/no-unused-vars
  93:19  warning  Unexpected any. Specify a different type  @typescript-eslint/no-explicit-any

C:\Users\gwbis\Downloads\Tirbeo-All\apps\api\lib\oauthHandlers.ts
  132:12  warning  'err' is defined but never used           no-unused-vars
  132:12  warning  'err' is defined but never used           @typescript-eslint/no-unused-vars
  132:17  warning  Unexpected any. Specify a different type  @typescript-eslint/no-explicit-any
  228:12  warning  'err' is defined but never used           no-unused-vars
  228:12  warning  'err' is defined but never used           @typescript-eslint/no-unused-vars
  228:17  warning  Unexpected any. Specify a different type  @typescript-eslint/no-explicit-any
  253:12  warning  'err' is defined but never used           no-unused-vars
  253:12  warning  'err' is defined but never used           @typescript-eslint/no-unused-vars
  253:17  warning  Unexpected any. Specify a different type  @typescript-eslint/no-explicit-any
  279:34  warning  Unexpected any. Specify a different type  @typescript-eslint/no-explicit-any
  291:12  warning  'err' is defined but never used           no-unused-vars
  291:12  warning  'err' is defined but never used           @typescript-eslint/no-unused-vars
  291:17  warning  Unexpected any. Specify a different type  @typescript-eslint/no-explicit-any

C:\Users\gwbis\Downloads\Tirbeo-All\apps\api\lib\passkeyHandlers.ts
   88:17  warning  Unexpected any. Specify a different type  @typescript-eslint/no-explicit-any
  153:17  warning  Unexpected any. Specify a different type  @typescript-eslint/no-explicit-any
  198:17  warning  Unexpected any. Specify a different type  @typescript-eslint/no-explicit-any
  281:17  warning  Unexpected any. Specify a different type  @typescript-eslint/no-explicit-any
  307:17  warning  Unexpected any. Specify a different type  @typescript-eslint/no-explicit-any
  340:17  warning  Unexpected any. Specify a different type  @typescript-eslint/no-explicit-any
  372:17  warning  Unexpected any. Specify a different type  @typescript-eslint/no-explicit-any

C:\Users\gwbis\Downloads\Tirbeo-All\apps\api\lib\projectHandlers.ts
   35:20  warning  Unexpected any. Specify a different type  @typescript-eslint/no-explicit-any
   40:22  warning  Unexpected any. Specify a different type  @typescript-eslint/no-explicit-any
   67:14  warning  'e' is defined but never used             no-unused-vars
   67:14  warning  'e' is defined but never used             @typescript-eslint/no-unused-vars
   95:14  warning  'e' is defined but never used             no-unused-vars
   95:14  warning  'e' is defined but never used             @typescript-eslint/no-unused-vars
  125:14  warning  'e' is defined but never used             no-unused-vars
  125:14  warning  'e' is defined but never used             @typescript-eslint/no-unused-vars
  145:14  warning  'e' is defined but never used             no-unused-vars
  145:14  warning  'e' is defined but never used             @typescript-eslint/no-unused-vars
  157:14  warning  'e' is defined but never used             no-unused-vars
  157:14  warning  'e' is defined but never used             @typescript-eslint/no-unused-vars
  184:14  warning  'e' is defined but never used             no-unused-vars
  184:14  warning  'e' is defined but never used             @typescript-eslint/no-unused-vars
  194:14  warning  'e' is defined but never used             no-unused-vars
  194:14  warning  'e' is defined but never used             @typescript-eslint/no-unused-vars
  218:14  warning  'e' is defined but never used             no-unused-vars
  218:14  warning  'e' is defined but never used             @typescript-eslint/no-unused-vars

C:\Users\gwbis\Downloads\Tirbeo-All\apps\api\lib\response.ts
  20:11  warning  Empty block statement  no-empty

C:\Users\gwbis\Downloads\Tirbeo-All\apps\api\lib\security.ts
   88:14  warning  Unexpected control character(s) in regular expression: \x00, \x08, \x0b, \x0c, \x0e, \x1f  no-control-regex
  204:17  warning  Unnecessary escape character: \-                                                           no-useless-escape
  286:23  warning  Unexpected any. Specify a different type                                                   @typescript-eslint/no-explicit-any
  292:46  warning  Unexpected any. Specify a different type                                                   @typescript-eslint/no-explicit-any
  326:23  warning  Unexpected any. Specify a different type                                                   @typescript-eslint/no-explicit-any
  332:50  warning  Unexpected any. Specify a different type                                                   @typescript-eslint/no-explicit-any

C:\Users\gwbis\Downloads\Tirbeo-All\apps\api\lib\securityHandlers.ts
    5:28  warning  'jsonError' is defined but never used  no-unused-vars
    5:28  warning  'jsonError' is defined but never used  @typescript-eslint/no-unused-vars
  170:44  warning  'meta' is defined but never used       no-unused-vars
  170:44  warning  'meta' is defined but never used       @typescript-eslint/no-unused-vars

C:\Users\gwbis\Downloads\Tirbeo-All\apps\api\lib\session.ts
  41:17  warning  Unexpected any. Specify a different type  @typescript-eslint/no-explicit-any
  52:15  warning  Unexpected any. Specify a different type  @typescript-eslint/no-explicit-any
  77:15  warning  Unexpected any. Specify a different type  @typescript-eslint/no-explicit-any

C:\Users\gwbis\Downloads\Tirbeo-All\apps\api\lib\supportHandlers.ts
   4:54  warning  'jsonSuccess' is defined but never used   no-unused-vars
   4:54  warning  'jsonSuccess' is defined but never used   @typescript-eslint/no-unused-vars
   9:24  warning  Unexpected any. Specify a different type  @typescript-eslint/no-explicit-any
  20:16  warning  Unexpected any. Specify a different type  @typescript-eslint/no-explicit-any

C:\Users\gwbis\Downloads\Tirbeo-All\apps\api\lib\userHandlers.ts
   38:50   warning  Unexpected any. Specify a different type  @typescript-eslint/no-explicit-any
   87:19   warning  Unexpected any. Specify a different type  @typescript-eslint/no-explicit-any
  115:17   warning  Unexpected any. Specify a different type  @typescript-eslint/no-explicit-any
  169:17   warning  Unexpected any. Specify a different type  @typescript-eslint/no-explicit-any
  217:17   warning  Unexpected any. Specify a different type  @typescript-eslint/no-explicit-any
  236:43   warning  Unexpected any. Specify a different type  @typescript-eslint/no-explicit-any
  263:17   warning  Unexpected any. Specify a different type  @typescript-eslint/no-explicit-any
  285:34   warning  Unexpected any. Specify a different type  @typescript-eslint/no-explicit-any
  299:17   warning  Unexpected any. Specify a different type  @typescript-eslint/no-explicit-any
  340:17   warning  Unexpected any. Specify a different type  @typescript-eslint/no-explicit-any
  358:17   warning  Unexpected any. Specify a different type  @typescript-eslint/no-explicit-any
  377:58   warning  Unexpected any. Specify a different type  @typescript-eslint/no-explicit-any
  411:34   warning  Unexpected any. Specify a different type  @typescript-eslint/no-explicit-any
  413:157  warning  Unexpected any. Specify a different type  @typescript-eslint/no-explicit-any
  423:76   warning  Unexpected any. Specify a different type  @typescript-eslint/no-explicit-any
  438:17   warning  Unexpected any. Specify a different type  @typescript-eslint/no-explicit-any
  468:17   warning  Unexpected any. Specify a different type  @typescript-eslint/no-explicit-any
  484:17   warning  Unexpected any. Specify a different type  @typescript-eslint/no-explicit-any
  507:17   warning  Unexpected any. Specify a different type  @typescript-eslint/no-explicit-any
  526:17   warning  Unexpected any. Specify a different type  @typescript-eslint/no-explicit-any
  580:17   warning  Unexpected any. Specify a different type  @typescript-eslint/no-explicit-any
  593:17   warning  Unexpected any. Specify a different type  @typescript-eslint/no-explicit-any
  653:17   warning  Unexpected any. Specify a different type  @typescript-eslint/no-explicit-any
  686:17   warning  Unexpected any. Specify a different type  @typescript-eslint/no-explicit-any
  711:55   warning  Unexpected any. Specify a different type  @typescript-eslint/no-explicit-any
  714:35   warning  Unexpected any. Specify a different type  @typescript-eslint/no-explicit-any
  727:17   warning  Unexpected any. Specify a different type  @typescript-eslint/no-explicit-any

C:\Users\gwbis\Downloads\Tirbeo-All\apps\api\proxy.ts
  96:45  warning  Unexpected any. Specify a different type  @typescript-eslint/no-explicit-any

C:\Users\gwbis\Downloads\Tirbeo-All\apps\api\scripts\apply-rls.js
  1:26  warning  A `require()` style import is forbidden  @typescript-eslint/no-require-imports
  7:92  warning  'e' is defined but never used            no-unused-vars
  7:92  warning  'e' is defined but never used            @typescript-eslint/no-unused-vars
  7:95  warning  Empty block statement                    no-empty

C:\Users\gwbis\Downloads\Tirbeo-All\apps\api\scripts\check-email-config.js
  1:26  warning  A `require()` style import is forbidden  @typescript-eslint/no-require-imports

C:\Users\gwbis\Downloads\Tirbeo-All\apps\api\scripts\seed-districts.js
  1:26  warning  A `require()` style import is forbidden  @typescript-eslint/no-require-imports

C:\Users\gwbis\Downloads\Tirbeo-All\apps\api\scripts\seed-email-templates.ts
  6:18  warning  Unexpected any. Specify a different type  @typescript-eslint/no-explicit-any

C:\Users\gwbis\Downloads\Tirbeo-All\apps\api\scripts\seedEmail.ts
   99:37  warning  Unexpected any. Specify a different type  @typescript-eslint/no-explicit-any
  106:37  warning  Unexpected any. Specify a different type  @typescript-eslint/no-explicit-any

C:\Users\gwbis\Downloads\Tirbeo-All\apps\api\scripts\seedReservedAddresses.ts
  27:17  warning  Unexpected any. Specify a different type  @typescript-eslint/no-explicit-any

✖ 445 problems (0 errors, 445 warnings)

